// Jest Snapshot v1, https://goo.gl/fbAQLP

exports[`App renders App that matches the snapshot 1`] = `
<AppContainer>
  <Connect(Carpark) />
  <Connect(Input) />
  <Connect(Output) />
</AppContainer>
`;
